// Jest Snapshot v1, https://goo.gl/fbAQLP

exports[`renders div with some text 1`] = `
<div>
  <h1
    id="app-title"
  >
    Hello, random name picker
  </h1>
  <InputForm
    handleClickAdd={[Function]}
    handleOnChange={[Function]}
  />
  <List
    luckyWinnerIndex={null}
    names={
      Array [
        "gordon",
        "sahil",
        "david",
        "sally",
        "jane",
        "alice",
      ]
    }
  />
  <RandomButton
    handleClick={[Function]}
  />
</div>
`;
