// Jest Snapshot v1, https://goo.gl/fbAQLP

exports[`renders div with some text 1`] = `
<div>
  <button
    onClick={[Function]}
  >
    get lucky winner!
  </button>
</div>
`;
